// Jest Snapshot v1, https://goo.gl/fbAQLP

exports[`renders without crashing 1`] = `
<div>
  <div
    style={
      Object {
        "borderBottom": "2px solid #FD4034",
        "display": "flex",
        "height": "50px",
        "justifyContent": "flex-end",
        "padding": "0 .5rem",
      }
    }
  >
    <a
      aria-current={false}
      className={undefined}
      href="/login"
      onClick={[Function]}
      style={
        Object {
          "color": "white",
          "margin": "auto 0",
          "textAlign": "center",
          "textDecoration": "none",
          "width": "4rem",
        }
      }
    >
      Login
    </a>
    <a
      aria-current={false}
      className={undefined}
      href="/register"
      onClick={[Function]}
      style={
        Object {
          "color": "white",
          "margin": "auto 0",
          "textAlign": "center",
          "textDecoration": "none",
          "width": "4rem",
        }
      }
    >
      Signup
    </a>
  </div>
</div>
`;
